// Jest Snapshot v1, https://goo.gl/fbAQLP

exports[`scan extractAmounts() parses real receipts (snapshots) 1`] = `
[
  38676,
  35160,
  92136,
  14048,
  25495,
  10000,
  18168,
  1800,
  114048,
  302673,
  325495,
  310000,
  318168,
  500,
  202400,
  100,
  300,
]
`;

exports[`scan extractAmounts() parses real receipts (snapshots) 2`] = `
[
  13900,
  22900,
  19800,
  14900,
  55400,
  1000,
  1500,
  123456,
  100,
  200,
  141800,
  800,
  300,
  589100,
]
`;

exports[`scan extractAmounts() parses real receipts (snapshots) 3`] = `
[
  36469,
  3779,
  14000,
  5050,
  8290,
  5350,
  1000,
  10000,
  13500,
  45000,
  666,
  300,
  200,
]
`;

exports[`scan extractAmounts() parses real receipts (snapshots) 4`] = `
[
  4800,
  9600,
  15900,
  9300,
  17000,
  51800,
  3100,
  12500,
  10000,
  19000,
  2100,
  2000,
  1200,
  155893,
  151800,
  123456,
  300,
  600,
  100,
]
`;

exports[`scan extractAmounts() parses real receipts (snapshots) 5`] = `
[
  1429,
  16800,
  2500,
  9500,
  15500,
  27500,
  44300,
  10100,
  123456,
  816800,
  115500,
  202400,
  100,
  300,
  800,
  200,
]
`;

exports[`scan extractAmounts() parses real receipts (snapshots) 6`] = `
[
  18310,
  6500,
  10500,
  18000,
  36000,
  53000,
  110500,
  218000,
  1831000,
  202400,
  100,
  300,
  200,
]
`;

exports[`scan extractAmounts() parses real receipts (snapshots) 7`] = `
[
  7878,
  5150,
  2832,
  6019,
  3178,
  4498,
  3229,
  3700,
  33000,
  33100,
  1200,
  6500,
  4800,
  2800,
  30000,
  450,
  300,
  100,
  200,
]
`;
